// Jest Snapshot v1, https://goo.gl/fbAQLP

exports[`renders correctly issues list item icon 1`] = `
<Text
  allowFontScaling={false}
  style={
    Array [
      Object {
        "color": "#438440",
        "fontSize": 20,
      },
      undefined,
      Object {
        "fontFamily": "FontAwesome",
        "fontStyle": "normal",
        "fontWeight": "normal",
      },
      Object {},
    ]
  }
>
  ï†’
</Text>
`;
